{
    "Should run with eagle from hg38 to hg19": {
        "content": [
            "::warning:: Uploaded data is hg38 and reference is hg19.\n::message:: Lift Over\n::log:: Reference Panel Ranges: genome-wide\n::message:: Calculating QC Statistics\n::group type=message::\n<b>Statistics:</b>\nAlternative allele frequency > 0.5 sites: 2,296\nReference Overlap: 99.00 %\nMatch: 7,735\nAllele switch: 0\nStrand flip: 0\nStrand flip and allele switch: 0\nA/T, C/G genotypes: 0\n<b>Filtered sites:</b>\nFilter flag set: 0\nInvalid alleles: 0\nMultiallelic sites: 0\nDuplicated sites: 0\nNonSNP sites: 0\nMonomorphic sites: 11\nAllele mismatch: 0\nSNPs call rate < 90%: 0\n::endgroup::\n::group type=warning::\nExcluded sites in total: 11\nRemaining sites in total: 7,735\nSee snps-excluded.txt for details\nTyped only sites: 78\nSee typed-only.txt for details\n\n::endgroup::\n"
        ],
        "meta": {
            "nf-test": "0.8.4",
            "nextflow": "24.04.2"
        },
        "timestamp": "2024-07-17T17:56:16.023888"
    },
    "Should run without phasing from hg38 to hg19": {
        "content": [
            "::warning:: Uploaded data is hg38 and reference is hg19.\n::message:: Lift Over\n::log:: Reference Panel Ranges: genome-wide\n::message:: Calculating QC Statistics\n::group type=message::\n<b>Statistics:</b>\nAlternative allele frequency > 0.5 sites: 2,296\nReference Overlap: 99.00 %\nMatch: 7,735\nAllele switch: 0\nStrand flip: 0\nStrand flip and allele switch: 0\nA/T, C/G genotypes: 0\n<b>Filtered sites:</b>\nFilter flag set: 0\nInvalid alleles: 0\nMultiallelic sites: 0\nDuplicated sites: 0\nNonSNP sites: 0\nMonomorphic sites: 11\nAllele mismatch: 0\nSNPs call rate < 90%: 0\n::endgroup::\n::group type=warning::\nExcluded sites in total: 11\nRemaining sites in total: 7,735\nSee snps-excluded.txt for details\nTyped only sites: 78\nSee typed-only.txt for details\n\n::endgroup::\n"
        ],
        "meta": {
            "nf-test": "0.8.4",
            "nextflow": "24.04.2"
        },
        "timestamp": "2024-07-17T17:55:23.474943"
    },
    "Should run with eagle": {
        "content": [
            "::log:: Reference Panel Ranges: genome-wide\n::message:: Calculating QC Statistics\n::group type=message::\n<b>Statistics:</b>\nAlternative allele frequency > 0.5 sites: 2,296\nReference Overlap: 99.00 %\nMatch: 7,735\nAllele switch: 0\nStrand flip: 0\nStrand flip and allele switch: 0\nA/T, C/G genotypes: 0\n<b>Filtered sites:</b>\nFilter flag set: 0\nInvalid alleles: 0\nMultiallelic sites: 0\nDuplicated sites: 0\nNonSNP sites: 0\nMonomorphic sites: 11\nAllele mismatch: 0\nSNPs call rate < 90%: 0\n::endgroup::\n::group type=warning::\nExcluded sites in total: 11\nRemaining sites in total: 7,735\nSee snps-excluded.txt for details\nTyped only sites: 78\nSee typed-only.txt for details\n\n::endgroup::\n"
        ],
        "meta": {
            "nf-test": "0.8.4",
            "nextflow": "24.04.2"
        },
        "timestamp": "2024-07-17T17:49:44.855448"
    },
    "Should run with phased data and no phasing selected": {
        "content": [
            "::log:: Reference Panel Ranges: genome-wide\n::message:: Calculating QC Statistics\n::group type=message::\n<b>Statistics:</b>\nAlternative allele frequency > 0.5 sites: 2,296\nReference Overlap: 99.00 %\nMatch: 7,735\nAllele switch: 0\nStrand flip: 0\nStrand flip and allele switch: 0\nA/T, C/G genotypes: 0\n<b>Filtered sites:</b>\nFilter flag set: 0\nInvalid alleles: 0\nMultiallelic sites: 0\nDuplicated sites: 0\nNonSNP sites: 0\nMonomorphic sites: 11\nAllele mismatch: 0\nSNPs call rate < 90%: 0\n::endgroup::\n::group type=warning::\nExcluded sites in total: 11\nRemaining sites in total: 7,735\nSee snps-excluded.txt for details\nTyped only sites: 78\nSee typed-only.txt for details\n\n::endgroup::\n"
        ],
        "meta": {
            "nf-test": "0.8.4",
            "nextflow": "24.04.2"
        },
        "timestamp": "2024-07-17T17:48:52.990893"
    },
    "Should run with phased data from hg19 to hg38": {
        "content": [
            "::warning:: Uploaded data is hg19 and reference is hg38.\n::message:: Lift Over\n::log:: Reference Panel Ranges: genome-wide\n::message:: Calculating QC Statistics\n::group type=message::\n<b>Statistics:</b>\nAlternative allele frequency > 0.5 sites: 2,296\nReference Overlap: 99.00 %\nMatch: 7,735\nAllele switch: 0\nStrand flip: 0\nStrand flip and allele switch: 0\nA/T, C/G genotypes: 0\n<b>Filtered sites:</b>\nFilter flag set: 0\nInvalid alleles: 0\nMultiallelic sites: 0\nDuplicated sites: 0\nNonSNP sites: 0\nMonomorphic sites: 11\nAllele mismatch: 0\nSNPs call rate < 90%: 0\n::endgroup::\n::group type=warning::\nExcluded sites in total: 11\nRemaining sites in total: 7,735\nSee snps-excluded.txt for details\nTyped only sites: 78\nSee typed-only.txt for details\n\n::endgroup::\n"
        ],
        "meta": {
            "nf-test": "0.8.4",
            "nextflow": "24.04.2"
        },
        "timestamp": "2024-07-17T17:53:04.502834"
    },
    "Should run with beagle": {
        "content": [
            "::log:: Reference Panel Ranges: genome-wide\n::message:: Calculating QC Statistics\n::group type=message::\n<b>Statistics:</b>\nAlternative allele frequency > 0.5 sites: 2,296\nReference Overlap: 99.00 %\nMatch: 7,735\nAllele switch: 0\nStrand flip: 0\nStrand flip and allele switch: 0\nA/T, C/G genotypes: 0\n<b>Filtered sites:</b>\nFilter flag set: 0\nInvalid alleles: 0\nMultiallelic sites: 0\nDuplicated sites: 0\nNonSNP sites: 0\nMonomorphic sites: 11\nAllele mismatch: 0\nSNPs call rate < 90%: 0\n::endgroup::\n::group type=warning::\nExcluded sites in total: 11\nRemaining sites in total: 7,735\nSee snps-excluded.txt for details\nTyped only sites: 78\nSee typed-only.txt for details\n\n::endgroup::\n"
        ],
        "meta": {
            "nf-test": "0.8.4",
            "nextflow": "24.04.2"
        },
        "timestamp": "2024-07-17T17:51:10.578783"
    },
    "Should run with phased data": {
        "content": [
            "::log:: Reference Panel Ranges: genome-wide\n::message:: Calculating QC Statistics\n::group type=message::\n<b>Statistics:</b>\nAlternative allele frequency > 0.5 sites: 2,296\nReference Overlap: 99.00 %\nMatch: 7,735\nAllele switch: 0\nStrand flip: 0\nStrand flip and allele switch: 0\nA/T, C/G genotypes: 0\n<b>Filtered sites:</b>\nFilter flag set: 0\nInvalid alleles: 0\nMultiallelic sites: 0\nDuplicated sites: 0\nNonSNP sites: 0\nMonomorphic sites: 11\nAllele mismatch: 0\nSNPs call rate < 90%: 0\n::endgroup::\n::group type=warning::\nExcluded sites in total: 11\nRemaining sites in total: 7,735\nSee snps-excluded.txt for details\nTyped only sites: 78\nSee typed-only.txt for details\n\n::endgroup::\n"
        ],
        "meta": {
            "nf-test": "0.8.4",
            "nextflow": "24.04.2"
        },
        "timestamp": "2024-07-17T17:47:43.179483"
    },
    "Should run with eagle and without encryption and compression": {
        "content": [
            "::log:: Reference Panel Ranges: genome-wide\n::message:: Calculating QC Statistics\n::group type=message::\n<b>Statistics:</b>\nAlternative allele frequency > 0.5 sites: 2,296\nReference Overlap: 99.00 %\nMatch: 7,735\nAllele switch: 0\nStrand flip: 0\nStrand flip and allele switch: 0\nA/T, C/G genotypes: 0\n<b>Filtered sites:</b>\nFilter flag set: 0\nInvalid alleles: 0\nMultiallelic sites: 0\nDuplicated sites: 0\nNonSNP sites: 0\nMonomorphic sites: 11\nAllele mismatch: 0\nSNPs call rate < 90%: 0\n::endgroup::\n::group type=warning::\nExcluded sites in total: 11\nRemaining sites in total: 7,735\nSee snps-excluded.txt for details\nTyped only sites: 78\nSee typed-only.txt for details\n\n::endgroup::\n"
        ],
        "meta": {
            "nf-test": "0.8.4",
            "nextflow": "24.04.2"
        },
        "timestamp": "2024-07-17T17:50:36.473684"
    },
    "Should run with eagle from hg19 to hg38": {
        "content": [
            "::warning:: Uploaded data is hg19 and reference is hg38.\n::message:: Lift Over\n::log:: Reference Panel Ranges: genome-wide\n::message:: Calculating QC Statistics\n::group type=message::\n<b>Statistics:</b>\nAlternative allele frequency > 0.5 sites: 2,296\nReference Overlap: 99.00 %\nMatch: 7,735\nAllele switch: 0\nStrand flip: 0\nStrand flip and allele switch: 0\nA/T, C/G genotypes: 0\n<b>Filtered sites:</b>\nFilter flag set: 0\nInvalid alleles: 0\nMultiallelic sites: 0\nDuplicated sites: 0\nNonSNP sites: 0\nMonomorphic sites: 11\nAllele mismatch: 0\nSNPs call rate < 90%: 0\n::endgroup::\n::group type=warning::\nExcluded sites in total: 11\nRemaining sites in total: 7,735\nSee snps-excluded.txt for details\nTyped only sites: 78\nSee typed-only.txt for details\n\n::endgroup::\n"
        ],
        "meta": {
            "nf-test": "0.8.4",
            "nextflow": "24.04.2"
        },
        "timestamp": "2024-07-17T17:53:59.570826"
    },
    "Should run with eagle and r2 filter": {
        "content": [
            "::log:: Reference Panel Ranges: genome-wide\n::message:: Calculating QC Statistics\n::group type=message::\n<b>Statistics:</b>\nAlternative allele frequency > 0.5 sites: 2,296\nReference Overlap: 99.00 %\nMatch: 7,735\nAllele switch: 0\nStrand flip: 0\nStrand flip and allele switch: 0\nA/T, C/G genotypes: 0\n<b>Filtered sites:</b>\nFilter flag set: 0\nInvalid alleles: 0\nMultiallelic sites: 0\nDuplicated sites: 0\nNonSNP sites: 0\nMonomorphic sites: 11\nAllele mismatch: 0\nSNPs call rate < 90%: 0\n::endgroup::\n::group type=warning::\nExcluded sites in total: 11\nRemaining sites in total: 7,735\nSee snps-excluded.txt for details\nTyped only sites: 78\nSee typed-only.txt for details\n\n::endgroup::\n"
        ],
        "meta": {
            "nf-test": "0.8.4",
            "nextflow": "24.04.2"
        },
        "timestamp": "2024-07-17T17:52:18.419239"
    },
    "Should run without phasing and validate header": {
        "content": [
            "::log:: Reference Panel Ranges: genome-wide\n::message:: Calculating QC Statistics\n::group type=message::\n<b>Statistics:</b>\nAlternative allele frequency > 0.5 sites: 2,296\nReference Overlap: 99.00 %\nMatch: 7,735\nAllele switch: 0\nStrand flip: 0\nStrand flip and allele switch: 0\nA/T, C/G genotypes: 0\n<b>Filtered sites:</b>\nFilter flag set: 0\nInvalid alleles: 0\nMultiallelic sites: 0\nDuplicated sites: 0\nNonSNP sites: 0\nMonomorphic sites: 11\nAllele mismatch: 0\nSNPs call rate < 90%: 0\n::endgroup::\n::group type=warning::\nExcluded sites in total: 11\nRemaining sites in total: 7,735\nSee snps-excluded.txt for details\nTyped only sites: 78\nSee typed-only.txt for details\n\n::endgroup::\n"
        ],
        "meta": {
            "nf-test": "0.8.4",
            "nextflow": "24.04.2"
        },
        "timestamp": "2024-07-17T17:51:45.18209"
    },
    "Should run with phased data and meta option": {
        "content": [
            "::log:: Reference Panel Ranges: genome-wide\n::message:: Calculating QC Statistics\n::group type=message::\n<b>Statistics:</b>\nAlternative allele frequency > 0.5 sites: 2,296\nReference Overlap: 99.00 %\nMatch: 7,735\nAllele switch: 0\nStrand flip: 0\nStrand flip and allele switch: 0\nA/T, C/G genotypes: 0\n<b>Filtered sites:</b>\nFilter flag set: 0\nInvalid alleles: 0\nMultiallelic sites: 0\nDuplicated sites: 0\nNonSNP sites: 0\nMonomorphic sites: 11\nAllele mismatch: 0\nSNPs call rate < 90%: 0\n::endgroup::\n::group type=warning::\nExcluded sites in total: 11\nRemaining sites in total: 7,735\nSee snps-excluded.txt for details\nTyped only sites: 78\nSee typed-only.txt for details\n\n::endgroup::\n"
        ],
        "meta": {
            "nf-test": "0.8.4",
            "nextflow": "24.04.2"
        },
        "timestamp": "2024-07-17T17:48:12.849582"
    },
    "Should run with eagle from hg38 to hg38": {
        "content": [
            "::log:: Reference Panel Ranges: genome-wide\n::message:: Calculating QC Statistics\n::group type=message::\n<b>Statistics:</b>\nAlternative allele frequency > 0.5 sites: 2,296\nReference Overlap: 99.00 %\nMatch: 7,735\nAllele switch: 0\nStrand flip: 0\nStrand flip and allele switch: 0\nA/T, C/G genotypes: 0\n<b>Filtered sites:</b>\nFilter flag set: 0\nInvalid alleles: 0\nMultiallelic sites: 0\nDuplicated sites: 0\nNonSNP sites: 0\nMonomorphic sites: 11\nAllele mismatch: 0\nSNPs call rate < 90%: 0\n::endgroup::\n::group type=warning::\nExcluded sites in total: 11\nRemaining sites in total: 7,735\nSee snps-excluded.txt for details\nTyped only sites: 78\nSee typed-only.txt for details\n\n::endgroup::\n"
        ],
        "meta": {
            "nf-test": "0.8.4",
            "nextflow": "24.04.2"
        },
        "timestamp": "2024-07-17T17:54:51.143211"
    }
}