{
    "Should run with pgs calculation and category filter": {
        "content": [
            "::log:: Reference Panel Ranges: genome-wide\n::message:: Calculating QC Statistics\n::group type=message::\n<b>Statistics:</b>\nAlternative allele frequency > 0.5 sites: 2,296\nReference Overlap: 99.00 %\nMatch: 7,735\nAllele switch: 0\nStrand flip: 0\nStrand flip and allele switch: 0\nA/T, C/G genotypes: 0\n<b>Filtered sites:</b>\nFilter flag set: 0\nInvalid alleles: 0\nMultiallelic sites: 0\nDuplicated sites: 0\nNonSNP sites: 0\nMonomorphic sites: 11\nAllele mismatch: 0\nSNPs call rate < 90%: 0\n::endgroup::\n::group type=warning::\nExcluded sites in total: 11\nRemaining sites in total: 7,735\nSee snps-excluded.txt for details\nTyped only sites: 78\nSee typed-only.txt for details\n\n::endgroup::\n"
        ],
        "meta": {
            "nf-test": "0.8.4",
            "nextflow": "24.04.2"
        },
        "timestamp": "2024-07-17T17:47:03.800994"
    }
}